version https://git-lfs.github.com/spec/v1
oid sha256:f154a4d1ed1a55ee192be2dd343fd49a97572d9500586049c3bf8f53a45414ea
size 44816
