version https://git-lfs.github.com/spec/v1
oid sha256:d81b6d296747ae97e91cde70bf48a0fb0f6ac5cd85ad4d74c3c50cf461331dbb
size 40905
