{
    "metadata": {
        "backend": "ghidra",
        "hash": "242dd5b9ecc56bb7a8c8db43e8c720f0"
    },
    "seg_4194304": {
        "virtual_address": 4194304,
        "size": 400,
        "executable": false,
        "children": [
            "func_18446744071562067968"
        ]
    },
    "instr_18446744071562067968": {
        "virtual_address": 18446744071562067968,
        "size": 5,
        "disassembly": "mov eax, 0x0",
        "mnemonic": "mov",
        "operands": "eax, 0x0",
        "mode": "none"
    },
    "instr_18446744071562067973": {
        "virtual_address": 18446744071562067973,
        "size": 1,
        "disassembly": "ret ",
        "mnemonic": "ret",
        "operands": "",
        "mode": "none"
    },
    "bb_18446744071562067968": {
        "virtual_address": 18446744071562067968,
        "size": 6,
        "mode": "none",
        "is_exit_point": true,
        "exit_vaddr": null,
        "children": [
            "instr_18446744071562067968",
            "instr_18446744071562067973"
        ]
    },
    "func_18446744071562067968": {
        "virtual_address": 18446744071562067968,
        "size": 6,
        "name": "main",
        "children": [
            "bb_18446744071562067968"
        ]
    },
    "seg_4194704": {
        "virtual_address": 4194704,
        "size": 36,
        "executable": false,
        "children": [
            "func_18446744071562067968"
        ]
    },
    "seg_18446744071562067968": {
        "virtual_address": 18446744071562067968,
        "size": 6,
        "executable": true,
        "children": [
            "func_18446744071562067968"
        ]
    },
    "seg_18446744071562072064": {
        "virtual_address": 18446744071562072064,
        "size": 20,
        "executable": false,
        "children": []
    },
    "seg_18446744071562072088": {
        "virtual_address": 18446744071562072088,
        "size": 44,
        "executable": false,
        "children": []
    },
    "seg_18446744071562076160": {
        "virtual_address": 18446744071562076160,
        "size": 8,
        "executable": false,
        "children": []
    },
    "seg_0": {
        "virtual_address": 0,
        "size": 576,
        "executable": false,
        "children": [
            "func_18446744071562067968"
        ]
    }
}
