version https://git-lfs.github.com/spec/v1
oid sha256:6362fe0a2954e363e28faead8351c4d65f65ffec4a62d21970064329233d09bc
size 16664
